// Jest Snapshot v1, https://goo.gl/fbAQLP

exports[`MovieNavTest render MovieNav 1`] = `
<nav
  className="movie-nav movie-card__nav"
  onClick={[Function]}
>
  <ul
    className="movie-nav__list"
  >
    <li
      className="movie-nav__item movie-nav__item--active"
    >
      <a
        className="movie-nav__link"
        data-item="Overview"
      >
        Overview
      </a>
    </li>
    <li
      className="movie-nav__item 0"
    >
      <a
        className="movie-nav__link"
        data-item="Details"
      >
        Details
      </a>
    </li>
    <li
      className="movie-nav__item 0"
    >
      <a
        className="movie-nav__link"
        data-item="Reviews"
      >
        Reviews
      </a>
    </li>
  </ul>
</nav>
`;
