// Jest Snapshot v1, https://goo.gl/fbAQLP

exports[`Avatar render Avatar 1`] = `
<a
  href="/favorites"
  onClick={[Function]}
>
  <div
    className="user-block__avatar"
  >
    <img
      alt="User avatar"
      height="63"
      src="https://htmlacademy-react-3.appspot.comtest.jpg"
      width="63"
    />
  </div>
</a>
`;
