// Jest Snapshot v1, https://goo.gl/fbAQLP

exports[`small movie card rendered correct render SmallMovieCard 1`] = `
<article
  className="small-movie-card catalog__movies-card"
  id={7}
  onMouseOut={[Function]}
  onMouseOver={[Function]}
>
  <div
    className="small-movie-card__image"
    onClick={[Function]}
  >
    <video
      height="100%"
      width="100%"
    />
  </div>
  <h3
    className="small-movie-card__title"
    onClick={[Function]}
  >
    <a
      className="small-movie-card__link"
      href="movie-page.html"
    >
      Midnight Special
    </a>
  </h3>
</article>
`;
